
Discarded input sections

 .text          0x0000000000000000        0x0 /tmp/ccyjiihD.o
 .data          0x0000000000000000        0x0 /tmp/ccyjiihD.o
 .bss           0x0000000000000000        0x0 /tmp/ccyjiihD.o
 .data          0x0000000000000000        0x0 /tmp/ccL3v8dR.o

Memory Configuration

Name             Origin             Length             Attributes
BOOTROM_EXEC     0x0000000000040000 0x0000000000002000 xr
BOOTROM_LOAD     0x0000000000000000 0x0000000000002000 xr
BOOTSRAM         0x0000000000042000 0x0000000000000c00 rw
STACK            0x0000000000042f00 0x0000000000000100 rw
*default*        0x0000000000000000 0xffffffffffffffff

Linker script and memory map

LOAD /tmp/ccyjiihD.o
LOAD /tmp/ccL3v8dR.o

.text           0x0000000000040000      0x2bc load address 0x0000000000000000
 *(.text.start)
 .text.start    0x0000000000040000       0x34 /tmp/ccyjiihD.o
                0x0000000000040000                _start
                0x0000000000040030                jump_to_firmware
 *(.text*)
 .text          0x0000000000040034      0x288 /tmp/ccL3v8dR.o
                0x0000000000040034                bootloader_main
 *(.rodata*)
                0x00000000000402bc                . = ALIGN (0x4)

.rela.dyn       0x00000000000402bc        0x0 load address 0x00000000000002bc
 .rela.text.start
                0x00000000000402bc        0x0 /tmp/ccyjiihD.o

.rodata         0x00000000000402bc        0x0 load address 0x00000000000002bc
 *(.rodata*)
 *(.srodata*)
                0x00000000000402bc                . = ALIGN (0x4)

.data           0x00000000000402bc        0x0 load address 0x00000000000002bc
 *(.data*)
 *(.sdata*)
                0x00000000000402bc                . = ALIGN (0x4)

.bss            0x0000000000042000      0x400
                0x0000000000042000                __bss_start = .
 *(.bss*)
 .bss           0x0000000000042000      0x400 /tmp/ccL3v8dR.o
 *(.sbss*)
 *(COMMON)
                0x0000000000042400                . = ALIGN (0x4)
                0x0000000000042400                __bss_end = .
                0x0000000000043000                __stack_top = (ORIGIN (STACK) + LENGTH (STACK))
                0x00000000000002bc                __bootrom_size = ((SIZEOF (.text) + SIZEOF (.rodata)) + SIZEOF (.data))
                0x0000000000000001                ASSERT ((__bootrom_size <= 0x2000), ERROR: Bootloader exceeds 8KB ROM!)
OUTPUT(bootloader.elf elf32-littleriscv)

.riscv.attributes
                0x0000000000000000       0x1c
 .riscv.attributes
                0x0000000000000000       0x1a /tmp/ccyjiihD.o
 .riscv.attributes
                0x000000000000001a       0x1c /tmp/ccL3v8dR.o

.comment        0x0000000000000000        0xf
 .comment       0x0000000000000000        0xf /tmp/ccL3v8dR.o
                                         0x10 (size before relaxing)

.debug_line     0x0000000000000000      0x973
 .debug_line    0x0000000000000000       0x6e /tmp/ccyjiihD.o
 .debug_line    0x000000000000006e      0x905 /tmp/ccL3v8dR.o

.debug_info     0x0000000000000000      0x441
 .debug_info    0x0000000000000000       0x26 /tmp/ccyjiihD.o
 .debug_info    0x0000000000000026      0x41b /tmp/ccL3v8dR.o

.debug_abbrev   0x0000000000000000      0x1f5
 .debug_abbrev  0x0000000000000000       0x14 /tmp/ccyjiihD.o
 .debug_abbrev  0x0000000000000014      0x1e1 /tmp/ccL3v8dR.o

.debug_aranges  0x0000000000000000       0x40
 .debug_aranges
                0x0000000000000000       0x20 /tmp/ccyjiihD.o
 .debug_aranges
                0x0000000000000020       0x20 /tmp/ccL3v8dR.o

.debug_str      0x0000000000000000      0x1cf
 .debug_str     0x0000000000000000       0x57 /tmp/ccyjiihD.o
 .debug_str     0x0000000000000057      0x178 /tmp/ccL3v8dR.o
                                        0x1f6 (size before relaxing)

.debug_loc      0x0000000000000000      0x253
 .debug_loc     0x0000000000000000      0x253 /tmp/ccL3v8dR.o

.debug_ranges   0x0000000000000000      0x1a8
 .debug_ranges  0x0000000000000000      0x1a8 /tmp/ccL3v8dR.o

.debug_frame    0x0000000000000000       0x2c
 .debug_frame   0x0000000000000000       0x2c /tmp/ccL3v8dR.o
