
Discarded input sections

 .text          0x0000000000000000        0x0 /tmp/ccfBwN15.o
 .data          0x0000000000000000        0x0 /tmp/ccfBwN15.o
 .bss           0x0000000000000000        0x0 /tmp/ccfBwN15.o
 .data          0x0000000000000000        0x0 /tmp/ccZfSNcW.o

Memory Configuration

Name             Origin             Length             Attributes
BOOTROM          0x0000000000010000 0x0000000000002000 xr
STACK            0x0000000000011f00 0x0000000000000100 rw
*default*        0x0000000000000000 0xffffffffffffffff

Linker script and memory map

LOAD /tmp/ccfBwN15.o
LOAD /tmp/ccZfSNcW.o

.text           0x0000000000010000      0x2d4
 *(.text.start)
 .text.start    0x0000000000010000       0x34 /tmp/ccfBwN15.o
                0x0000000000010000                _start
                0x0000000000010030                jump_to_firmware
 *(.text*)
 .text          0x0000000000010034      0x268 /tmp/ccZfSNcW.o
                0x0000000000010084                bootloader_main
 *(.rodata*)
 .rodata.str1.4
                0x000000000001029c       0x38 /tmp/ccZfSNcW.o
                0x00000000000102d4                . = ALIGN (0x4)

.rela.dyn       0x00000000000102d4        0x0
 .rela.text.start
                0x00000000000102d4        0x0 /tmp/ccfBwN15.o

.rodata         0x00000000000102d4        0x0
 *(.rodata*)
 *(.srodata*)
                0x00000000000102d4                . = ALIGN (0x4)

.data           0x00000000000102d4        0x0
 *(.data*)
 *(.sdata*)
                0x00000000000102d4                . = ALIGN (0x4)

.bss            0x00000000000102d4      0x400
                0x00000000000102d4                __bss_start = .
 *(.bss*)
 .bss           0x00000000000102d4      0x400 /tmp/ccZfSNcW.o
 *(.sbss*)
 *(COMMON)
                0x00000000000106d4                . = ALIGN (0x4)
                0x00000000000106d4                __bss_end = .
                0x0000000000012000                __stack_top = (ORIGIN (STACK) + LENGTH (STACK))
                0x0000000000000001                ASSERT ((. <= 0x12000), ERROR: Bootloader exceeds 8KB!)
OUTPUT(bootloader.elf elf32-littleriscv)

.riscv.attributes
                0x0000000000000000       0x1c
 .riscv.attributes
                0x0000000000000000       0x1a /tmp/ccfBwN15.o
 .riscv.attributes
                0x000000000000001a       0x1c /tmp/ccZfSNcW.o

.comment        0x0000000000000000        0xf
 .comment       0x0000000000000000        0xf /tmp/ccZfSNcW.o
                                         0x10 (size before relaxing)

.debug_line     0x0000000000000000      0x7ee
 .debug_line    0x0000000000000000       0x6e /tmp/ccfBwN15.o
 .debug_line    0x000000000000006e      0x780 /tmp/ccZfSNcW.o

.debug_info     0x0000000000000000      0x4fe
 .debug_info    0x0000000000000000       0x26 /tmp/ccfBwN15.o
 .debug_info    0x0000000000000026      0x4d8 /tmp/ccZfSNcW.o

.debug_abbrev   0x0000000000000000      0x234
 .debug_abbrev  0x0000000000000000       0x14 /tmp/ccfBwN15.o
 .debug_abbrev  0x0000000000000014      0x220 /tmp/ccZfSNcW.o

.debug_aranges  0x0000000000000000       0x40
 .debug_aranges
                0x0000000000000000       0x20 /tmp/ccfBwN15.o
 .debug_aranges
                0x0000000000000020       0x20 /tmp/ccZfSNcW.o

.debug_str      0x0000000000000000      0x1be
 .debug_str     0x0000000000000000       0x57 /tmp/ccfBwN15.o
 .debug_str     0x0000000000000057      0x167 /tmp/ccZfSNcW.o
                                        0x1f2 (size before relaxing)

.debug_loc      0x0000000000000000      0x23e
 .debug_loc     0x0000000000000000      0x23e /tmp/ccZfSNcW.o

.debug_ranges   0x0000000000000000      0x1e0
 .debug_ranges  0x0000000000000000      0x1e0 /tmp/ccZfSNcW.o

.debug_frame    0x0000000000000000       0x3c
 .debug_frame   0x0000000000000000       0x3c /tmp/ccZfSNcW.o
